python : ...EEE..E...E
At line:1 char:1
+ python -m unittest 
discover tests > 
test_output.txt 2>&1
+ ~~~~~~~~~~~~~~~~~~~~
~~~~~~~~~~~~~~~~~~~~~~
~~~~~~~~~~~~~~
    + CategoryInfo    
          : NotSpeci  
  fied: (...EEE..E.   
 ..E:String) [], R    
emoteException
    + FullyQualifiedE 
   rrorId : NativeCo  
  mmandError
 
======================
======================
======================
====
ERROR: test_fetch_gith
ub_files (test_sources
.TestSources)
Test fetching .md 
files from a GitHub 
repository.
----------------------
----------------------
----------------------
----
Traceback (most 
recent call last):
  File "C:\Program Fil
es\WindowsApps\PythonS
oftwareFoundation.Pyth
on.3.10_3.10.3056.0_x6
4__qbz5n2kfra8p0\lib\u
nittest\mock.py", 
line 1376, in patched
    with self.decorati
on_helper(patched,
  File "C:\Program Fil
es\WindowsApps\PythonS
oftwareFoundation.Pyth
on.3.10_3.10.3056.0_x6
4__qbz5n2kfra8p0\lib\c
ontextlib.py", line 
135, in __enter__
    return 
next(self.gen)
  File "C:\Program Fil
es\WindowsApps\PythonS
oftwareFoundation.Pyth
on.3.10_3.10.3056.0_x6
4__qbz5n2kfra8p0\lib\u
nittest\mock.py", 
line 1358, in 
decoration_helper
    arg = exit_stack.e
nter_context(patching)
  File "C:\Program Fil
es\WindowsApps\PythonS
oftwareFoundation.Pyth
on.3.10_3.10.3056.0_x6
4__qbz5n2kfra8p0\lib\c
ontextlib.py", line 
492, in enter_context
    result = 
_cm_type.__enter__(cm)
  File "C:\Program Fil
es\WindowsApps\PythonS
oftwareFoundation.Pyth
on.3.10_3.10.3056.0_x6
4__qbz5n2kfra8p0\lib\u
nittest\mock.py", 
line 1431, in 
__enter__
    self.target = 
self.getter()
  File "C:\Program Fil
es\WindowsApps\PythonS
oftwareFoundation.Pyth
on.3.10_3.10.3056.0_x6
4__qbz5n2kfra8p0\lib\u
nittest\mock.py", 
line 1618, in <lambda>
    getter = lambda: 
_importer(target)
  File "C:\Program Fil
es\WindowsApps\PythonS
oftwareFoundation.Pyth
on.3.10_3.10.3056.0_x6
4__qbz5n2kfra8p0\lib\u
nittest\mock.py", 
line 1257, in 
_importer
    thing = __import__
(import_path)
ModuleNotFoundError: 
No module named 
'requests'

======================
======================
======================
====
ERROR: 
test_fetch_html_links 
(test_sources.TestSour
ces)
Test fetching links 
from an HTML 
collection page.
----------------------
----------------------
----------------------
----
Traceback (most 
recent call last):
  File "C:\Program Fil
es\WindowsApps\PythonS
oftwareFoundation.Pyth
on.3.10_3.10.3056.0_x6
4__qbz5n2kfra8p0\lib\u
nittest\mock.py", 
line 1376, in patched
    with self.decorati
on_helper(patched,
  File "C:\Program Fil
es\WindowsApps\PythonS
oftwareFoundation.Pyth
on.3.10_3.10.3056.0_x6
4__qbz5n2kfra8p0\lib\c
ontextlib.py", line 
135, in __enter__
    return 
next(self.gen)
  File "C:\Program Fil
es\WindowsApps\PythonS
oftwareFoundation.Pyth
on.3.10_3.10.3056.0_x6
4__qbz5n2kfra8p0\lib\u
nittest\mock.py", 
line 1358, in 
decoration_helper
    arg = exit_stack.e
nter_context(patching)
  File "C:\Program Fil
es\WindowsApps\PythonS
oftwareFoundation.Pyth
on.3.10_3.10.3056.0_x6
4__qbz5n2kfra8p0\lib\c
ontextlib.py", line 
492, in enter_context
    result = 
_cm_type.__enter__(cm)
  File "C:\Program Fil
es\WindowsApps\PythonS
oftwareFoundation.Pyth
on.3.10_3.10.3056.0_x6
4__qbz5n2kfra8p0\lib\u
nittest\mock.py", 
line 1431, in 
__enter__
    self.target = 
self.getter()
  File "C:\Program Fil
es\WindowsApps\PythonS
oftwareFoundation.Pyth
on.3.10_3.10.3056.0_x6
4__qbz5n2kfra8p0\lib\u
nittest\mock.py", 
line 1618, in <lambda>
    getter = lambda: 
_importer(target)
  File "C:\Program Fil
es\WindowsApps\PythonS
oftwareFoundation.Pyth
on.3.10_3.10.3056.0_x6
4__qbz5n2kfra8p0\lib\u
nittest\mock.py", 
line 1257, in 
_importer
    thing = __import__
(import_path)
ModuleNotFoundError: 
No module named 
'requests'

======================
======================
======================
====
ERROR: test_fetch_subs
tack_sitemap (test_sou
rces.TestSources)
Test fetching and 
parsing a Substack 
sitemap.
----------------------
----------------------
----------------------
----
Traceback (most 
recent call last):
  File "C:\Program Fil
es\WindowsApps\PythonS
oftwareFoundation.Pyth
on.3.10_3.10.3056.0_x6
4__qbz5n2kfra8p0\lib\u
nittest\mock.py", 
line 1376, in patched
    with self.decorati
on_helper(patched,
  File "C:\Program Fil
es\WindowsApps\PythonS
oftwareFoundation.Pyth
on.3.10_3.10.3056.0_x6
4__qbz5n2kfra8p0\lib\c
ontextlib.py", line 
135, in __enter__
    return 
next(self.gen)
  File "C:\Program Fil
es\WindowsApps\PythonS
oftwareFoundation.Pyth
on.3.10_3.10.3056.0_x6
4__qbz5n2kfra8p0\lib\u
nittest\mock.py", 
line 1358, in 
decoration_helper
    arg = exit_stack.e
nter_context(patching)
  File "C:\Program Fil
es\WindowsApps\PythonS
oftwareFoundation.Pyth
on.3.10_3.10.3056.0_x6
4__qbz5n2kfra8p0\lib\c
ontextlib.py", line 
492, in enter_context
    result = 
_cm_type.__enter__(cm)
  File "C:\Program Fil
es\WindowsApps\PythonS
oftwareFoundation.Pyth
on.3.10_3.10.3056.0_x6
4__qbz5n2kfra8p0\lib\u
nittest\mock.py", 
line 1431, in 
__enter__
    self.target = 
self.getter()
  File "C:\Program Fil
es\WindowsApps\PythonS
oftwareFoundation.Pyth
on.3.10_3.10.3056.0_x6
4__qbz5n2kfra8p0\lib\u
nittest\mock.py", 
line 1618, in <lambda>
    getter = lambda: 
_importer(target)
  File "C:\Program Fil
es\WindowsApps\PythonS
oftwareFoundation.Pyth
on.3.10_3.10.3056.0_x6
4__qbz5n2kfra8p0\lib\u
nittest\mock.py", 
line 1257, in 
_importer
    thing = __import__
(import_path)
ModuleNotFoundError: 
No module named 
'requests'

======================
======================
======================
====
ERROR: test_deduplicat
ion_check (test_storag
e.TestStorage)
Test checking against 
existing index.
----------------------
----------------------
----------------------
----
Traceback (most 
recent call last):
  File "C:\Users\hecto
\Projects\eigenhector_
mandala_translator\tes
ts\test_storage.py", 
line 67, in test_dedup
lication_check
    with 
open(self.index_path, 
'w') as f:
FileNotFoundError: 
[Errno 2] No such 
file or directory: 'C:
\\Users\\hecto\\AppDat
a\\Local\\Temp\\tmptwj
9tm8v\\test_corpus\\in
dex.json'

======================
======================
======================
====
ERROR: 
test_index_update (tes
t_storage.TestStorage)
Test updating the 
index after a fetch.
----------------------
----------------------
----------------------
----
Traceback (most 
recent call last):
  File "C:\Users\hecto
\Projects\eigenhector_
mandala_translator\tes
ts\test_storage.py", 
line 80, in 
test_index_update
    with 
open(self.index_path, 
'w') as f:
FileNotFoundError: 
[Errno 2] No such 
file or directory: 'C:
\\Users\\hecto\\AppDat
a\\Local\\Temp\\tmpy4b
pasba\\test_corpus\\in
dex.json'

----------------------
----------------------
----------------------
----
Ran 13 tests in 0.012s

FAILED (errors=5)
